// Jest Snapshot v1, https://goo.gl/fbAQLP

exports[`<InlineEdit .../> should match snapshot 1`] = `
<div
  className="inline-edit-read-only undefined"
/>
`;
