// Jest Snapshot v1, https://goo.gl/fbAQLP

exports[`<MetaData .../> should match snapshot 1`] = `
<div
  className="meta-data"
>
  <hr />
  <div
    className="date"
  >
    0m
  </div>
  <div
    className="author"
  >
    Kunal Mandalia
  </div>
</div>
`;
