// Jest Snapshot v1, https://goo.gl/fbAQLP

exports[`PostsContainer should match snapshot 1`] = `
<div
  className="posts-container"
>
  <div>
    <div
      className="post-wrapper"
    >
      <div
        className="post"
      >
        <div
          className="post-row"
        >
          <div
            className="rating"
          >
            <div
              id="upvote-button"
              onClick={[Function]}
            >
              <svg
                className="vote"
                fill="currentColor"
                height={14}
                preserveAspectRatio="xMidYMid meet"
                style={
                  Object {
                    "color": "grey",
                    "verticalAlign": "middle",
                  }
                }
                viewBox="0 0 40 40"
                width={14}
              >
                <g>
                  <path
                    d="m37.6 29.7l-3.7 3.7q-0.5 0.4-1 0.4t-1-0.4l-11.9-11.9-11.8 11.9q-0.5 0.4-1.1 0.4t-1-0.4l-3.7-3.7q-0.4-0.4-0.4-1t0.4-1l16.6-16.6q0.4-0.4 1-0.4t1 0.4l16.6 16.6q0.4 0.4 0.4 1t-0.4 1z"
                  />
                </g>
              </svg>
            </div>
            <div
              className="rating-value"
              id="rating-value"
            >
              6
            </div>
            <div
              id="downvote-button"
              onClick={[Function]}
            >
              <svg
                className="vote"
                fill="currentColor"
                height={14}
                preserveAspectRatio="xMidYMid meet"
                style={
                  Object {
                    "color": "grey",
                    "verticalAlign": "middle",
                  }
                }
                viewBox="0 0 40 40"
                width={14}
              >
                <g>
                  <path
                    d="m37.6 18l-16.6 16.6q-0.4 0.4-1 0.4t-1-0.4l-16.6-16.6q-0.4-0.4-0.4-1t0.4-1l3.7-3.7q0.5-0.4 1-0.4t1 0.4l11.9 11.9 11.9-11.9q0.4-0.4 1-0.4t1 0.4l3.7 3.7q0.4 0.4 0.4 1t-0.4 1z"
                  />
                </g>
              </svg>
            </div>
          </div>
          <div
            className="post-content"
          >
            <div
              className="inline-edit-read-only inline-edit post-title edit-input-unchanged"
            >
              Udacity is the best place to learn React
            </div>
            <div
              className="inline-edit-read-only inline-edit post-body edit-input-unchanged"
            >
              Everyone says so after all.
            </div>
            <div
              className="action-bar"
            >
              <hr
                className="action-bar-separator"
              />
              <span
                className="action-bar-date"
              >
                 
                &gt;1y
                 
              </span>
              <span
                className="action-bar-author"
              >
                 by 
                thingtwo
                 
              </span>
              <span
                className="action-bar-category"
              >
                 in 
                react
                 
              </span>
              <span
                className="action-bar-actions"
              >
                [
                <a
                  className="action-bar-action"
                  onClick={[Function]}
                >
                   edit 
                </a>
                ]
              </span>
            </div>
          </div>
        </div>
      </div>
    </div>
    <div
      className="posts-comments"
    >
      <div
        className="comment-wrapper"
      >
        <div
          className="comment"
        >
          <div
            className="comment-row"
          >
            <div
              className="rating"
            >
              <div
                id="upvote-button"
                onClick={[Function]}
              >
                <svg
                  className="vote"
                  fill="currentColor"
                  height={14}
                  preserveAspectRatio="xMidYMid meet"
                  style={
                    Object {
                      "color": "grey",
                      "verticalAlign": "middle",
                    }
                  }
                  viewBox="0 0 40 40"
                  width={14}
                >
                  <g>
                    <path
                      d="m37.6 29.7l-3.7 3.7q-0.5 0.4-1 0.4t-1-0.4l-11.9-11.9-11.8 11.9q-0.5 0.4-1.1 0.4t-1-0.4l-3.7-3.7q-0.4-0.4-0.4-1t0.4-1l16.6-16.6q0.4-0.4 1-0.4t1 0.4l16.6 16.6q0.4 0.4 0.4 1t-0.4 1z"
                    />
                  </g>
                </svg>
              </div>
              <div
                className="rating-value"
                id="rating-value"
              >
                6
              </div>
              <div
                id="downvote-button"
                onClick={[Function]}
              >
                <svg
                  className="vote"
                  fill="currentColor"
                  height={14}
                  preserveAspectRatio="xMidYMid meet"
                  style={
                    Object {
                      "color": "grey",
                      "verticalAlign": "middle",
                    }
                  }
                  viewBox="0 0 40 40"
                  width={14}
                >
                  <g>
                    <path
                      d="m37.6 18l-16.6 16.6q-0.4 0.4-1 0.4t-1-0.4l-16.6-16.6q-0.4-0.4-0.4-1t0.4-1l3.7-3.7q0.5-0.4 1-0.4t1 0.4l11.9 11.9 11.9-11.9q0.4-0.4 1-0.4t1 0.4l3.7 3.7q0.4 0.4 0.4 1t-0.4 1z"
                    />
                  </g>
                </svg>
              </div>
            </div>
            <div
              className="comment-content"
            >
              <div
                className="inline-edit-read-only inline-edit comment-body edit-input-unchanged"
              >
                Hi there! I am a COMMENT.
              </div>
              <div
                className="action-bar"
              >
                <hr
                  className="action-bar-separator"
                />
                <span
                  className="action-bar-date"
                >
                   
                  &gt;1y
                   
                </span>
                <span
                  className="action-bar-author"
                >
                   by 
                  thingtwo
                   
                </span>
                <span
                  className="hidden"
                >
                   in 
                   
                </span>
                <span
                  className="action-bar-actions"
                >
                  [
                  <a
                    className="action-bar-action"
                    onClick={[Function]}
                  >
                     edit 
                  </a>
                  ]
                </span>
              </div>
            </div>
          </div>
        </div>
      </div>
      <div
        className="comment-wrapper"
      >
        <div
          className="comment"
        >
          <div
            className="comment-row"
          >
            <div
              className="rating"
            >
              <div
                id="upvote-button"
                onClick={[Function]}
              >
                <svg
                  className="vote"
                  fill="currentColor"
                  height={14}
                  preserveAspectRatio="xMidYMid meet"
                  style={
                    Object {
                      "color": "grey",
                      "verticalAlign": "middle",
                    }
                  }
                  viewBox="0 0 40 40"
                  width={14}
                >
                  <g>
                    <path
                      d="m37.6 29.7l-3.7 3.7q-0.5 0.4-1 0.4t-1-0.4l-11.9-11.9-11.8 11.9q-0.5 0.4-1.1 0.4t-1-0.4l-3.7-3.7q-0.4-0.4-0.4-1t0.4-1l16.6-16.6q0.4-0.4 1-0.4t1 0.4l16.6 16.6q0.4 0.4 0.4 1t-0.4 1z"
                    />
                  </g>
                </svg>
              </div>
              <div
                className="rating-value"
                id="rating-value"
              >
                -5
              </div>
              <div
                id="downvote-button"
                onClick={[Function]}
              >
                <svg
                  className="vote"
                  fill="currentColor"
                  height={14}
                  preserveAspectRatio="xMidYMid meet"
                  style={
                    Object {
                      "color": "grey",
                      "verticalAlign": "middle",
                    }
                  }
                  viewBox="0 0 40 40"
                  width={14}
                >
                  <g>
                    <path
                      d="m37.6 18l-16.6 16.6q-0.4 0.4-1 0.4t-1-0.4l-16.6-16.6q-0.4-0.4-0.4-1t0.4-1l3.7-3.7q0.5-0.4 1-0.4t1 0.4l11.9 11.9 11.9-11.9q0.4-0.4 1-0.4t1 0.4l3.7 3.7q0.4 0.4 0.4 1t-0.4 1z"
                    />
                  </g>
                </svg>
              </div>
            </div>
            <div
              className="comment-content"
            >
              <div
                className="inline-edit-read-only inline-edit comment-body edit-input-unchanged"
              >
                Comments. Are. Cool.
              </div>
              <div
                className="action-bar"
              >
                <hr
                  className="action-bar-separator"
                />
                <span
                  className="action-bar-date"
                >
                   
                  &gt;1y
                   
                </span>
                <span
                  className="action-bar-author"
                >
                   by 
                  thingone
                   
                </span>
                <span
                  className="hidden"
                >
                   in 
                   
                </span>
                <span
                  className="action-bar-actions"
                >
                  [
                  <a
                    className="action-bar-action"
                    onClick={[Function]}
                  >
                     edit 
                  </a>
                  ]
                </span>
              </div>
            </div>
          </div>
        </div>
      </div>
    </div>
  </div>
  <div>
    <div
      className="post-wrapper"
    >
      <div
        className="post"
      >
        <div
          className="post-row"
        >
          <div
            className="rating"
          >
            <div
              id="upvote-button"
              onClick={[Function]}
            >
              <svg
                className="vote"
                fill="currentColor"
                height={14}
                preserveAspectRatio="xMidYMid meet"
                style={
                  Object {
                    "color": "grey",
                    "verticalAlign": "middle",
                  }
                }
                viewBox="0 0 40 40"
                width={14}
              >
                <g>
                  <path
                    d="m37.6 29.7l-3.7 3.7q-0.5 0.4-1 0.4t-1-0.4l-11.9-11.9-11.8 11.9q-0.5 0.4-1.1 0.4t-1-0.4l-3.7-3.7q-0.4-0.4-0.4-1t0.4-1l16.6-16.6q0.4-0.4 1-0.4t1 0.4l16.6 16.6q0.4 0.4 0.4 1t-0.4 1z"
                  />
                </g>
              </svg>
            </div>
            <div
              className="rating-value"
              id="rating-value"
            >
              -5
            </div>
            <div
              id="downvote-button"
              onClick={[Function]}
            >
              <svg
                className="vote"
                fill="currentColor"
                height={14}
                preserveAspectRatio="xMidYMid meet"
                style={
                  Object {
                    "color": "grey",
                    "verticalAlign": "middle",
                  }
                }
                viewBox="0 0 40 40"
                width={14}
              >
                <g>
                  <path
                    d="m37.6 18l-16.6 16.6q-0.4 0.4-1 0.4t-1-0.4l-16.6-16.6q-0.4-0.4-0.4-1t0.4-1l3.7-3.7q0.5-0.4 1-0.4t1 0.4l11.9 11.9 11.9-11.9q0.4-0.4 1-0.4t1 0.4l3.7 3.7q0.4 0.4 0.4 1t-0.4 1z"
                  />
                </g>
              </svg>
            </div>
          </div>
          <div
            className="post-content"
          >
            <div
              className="inline-edit-read-only inline-edit post-title edit-input-unchanged"
            >
              Learn Redux in 10 minutes!
            </div>
            <div
              className="inline-edit-read-only inline-edit post-body edit-input-unchanged"
            >
              Just kidding. It takes more than 10 minutes to learn technology.
            </div>
            <div
              className="action-bar"
            >
              <hr
                className="action-bar-separator"
              />
              <span
                className="action-bar-date"
              >
                 
                &gt;1y
                 
              </span>
              <span
                className="action-bar-author"
              >
                 by 
                thingone
                 
              </span>
              <span
                className="action-bar-category"
              >
                 in 
                redux
                 
              </span>
              <span
                className="action-bar-actions"
              >
                [
                <a
                  className="action-bar-action"
                  onClick={[Function]}
                >
                   edit 
                </a>
                ]
              </span>
            </div>
          </div>
        </div>
      </div>
    </div>
    <div
      className="posts-comments"
    />
  </div>
</div>
`;
